=== wealth production attestation ===
passed mismatches 0
=== random walk production attestation ===
passed mismatches 0
=== schelling production attestation ===
passed mismatches 0
=== sir status ===
/home/author/AMBER_aamas_exp/experiments/semantic/run_production_attestation.py:63: RuntimeWarning: overflow encountered in scalar multiply
  h = (np.uint32(a) * np.uint32(747796405) + np.uint32(2891336453)) & 0xFFFFFFFF
pending
{
  "reference_vectorized_gpu_style_parity": "passed (prior campaign)",
  "production_native_kernel_parity": {
    "wealth_transfer": "passed",
    "random_walk": "passed",
    "schelling": "passed",
    "sir_epidemic": "pending"
  },
  "negative_control_sensitivity": "passed (wealth 2/2; walk structural; schelling 2/2)",
  "monitor_completeness": "not claimed",
  "sir_crossing_shared_rng": "pending",
  "multi_framework_performance": "measured under two documented campaigns"
}
wrote /home/author/AMBER_aamas_exp/experiments/raw/semantic/production_attestation_host_a.json
